Wkï¿½É•ï¿½bootloader[0m
[0;3ï¿½ESP-ROM:esp32s3-20210327
Build:Mar 27 2021
rst:0x1 (POWERON),boot:0x8 (SPI_FAST_FLASH_BOOT)
SPIWP:0xee
mode:DIO, clock div:1
load:0x3fce3810,len:0x178c
load:0x403c9700,len:0x4
load:0x403c9704,len:0xcbc
load:0x403cc700,len:0x2da0
entry 0x403c9914
[0;32mI (27) boot: ESP-IDF HEAD-HASH-NOTFOUND 2nd stage bootloader[0m
[0;32mI (27) boot: compile time Jul  3 2024 23:14:24[0m
[0;32mI (27) boot: Multicore bootloader[0m
[0;32mI (31) boot: chip revision: v0.2[0m
[0;32mI (35) boot.esp32s3: Boot SPI Speed : 80MHz[0m
[0;32mI (40) boot.esp32s3: SPI Mode       : DIO[0m
[0;32mI (44) boot.esp32s3: SPI Flash Size : 2MB[0m
[0;32mI (49) boot: Enabling RNG early entropy source...[0m
[0;32mI (54) boot: Partition Table:[0m
[0;32mI (58) boot: ## Label            Usage          Type ST Offset   Length[0m
[0;32mI (65) boot:  0 nvs              WiFi data        01 02 00009000 00006000[0m
[0;32mI (73) boot:  1 phy_init         RF data          01 01 0000f000 00001000[0m
[0;32mI (80) boot:  2 factory          factory app      00 00 00010000 00100000[0m
[0;32mI (88) boot: End of partition table[0m
[0;32mI (92) esp_image: segment 0: paddr=00010020 vaddr=3c0b0020 size=2b7d4h (178132) map[0m
[0;32mI (132) esp_image: segment 1: paddr=0003b7fc vaddr=3fc9a500 size=0481ch ( 18460) load[0m
[0;32mI (136) esp_image: segment 2: paddr=00040020 vaddr=42000020 size=a2008h (663560) map[0m
[0;32mI (257) esp_image: segment 3: paddr=000e2030 vaddr=3fc9ed1c size=00034h (    52) load[0m
[0;32mI (257) esp_image: segment 4: paddr=000e206c vaddr=40374000 size=1647ch ( 91260) load[0m
[0;32mI (292) boot: Loaded app from partition at offset 0x10000[0m
[0;32mI (292) boot: Disabling RNG early entropy source...[0m
[0;32mI (303) cpu_start: Multicore app[0m
[0;32mI (313) cpu_start: Pro cpu start user code[0m
[0;32mI (313) cpu_start: cpu freq: 160000000 Hz[0m
[0;32mI (313) cpu_start: Application information:[0m
[0;32mI (316) cpu_start: Project name:     gasSentinel[0m
[0;32mI (322) cpu_start: App version:      89723e9-dirty[0m
[0;32mI (327) cpu_start: Compile time:     Jul  3 2024 23:13:54[0m
[0;32mI (333) cpu_start: ELF file SHA256:  a8b663a68...[0m
[0;32mI (339) cpu_start: ESP-IDF:          HEAD-HASH-NOTFOUND[0m
[0;32mI (344) cpu_start: Min chip rev:     v0.0[0m
[0;32mI (349) cpu_start: Max chip rev:     v0.99 [0m
[0;32mI (354) cpu_start: Chip rev:         v0.2[0m
[0;32mI (359) heap_init: Initializing. RAM available for dynamic allocation:[0m
[0;32mI (366) heap_init: At 3FCA2FA8 len 00046768 (281 KiB): RAM[0m
[0;32mI (372) heap_init: At 3FCE9710 len 00005724 (21 KiB): RAM[0m
[0;32mI (378) heap_init: At 3FCF0000 len 00008000 (32 KiB): DRAM[0m
[0;32mI (384) heap_init: At 600FE010 len 00001FD8 (7 KiB): RTCRAM[0m
[0;32mI (392) spi_flash: detected chip: gd[0m
[0;32mI (395) spi_flash: flash io: dio[0m
[0;33mW (399) spi_flash: Detected size(8192k) larger than the size in the binary image header(2048k). Using the size in the binary image header.[0m
[0;33mW (412) ADC: legacy driver is deprecated, please migrate to `esp_adc/adc_oneshot.h`[0m
[0;32mI (420) sleep: Configure to isolate all GPIO pins in sleep state[0m
[0;32mI (427) sleep: Enable automatic switching of GPIO sleep configuration[0m
[0;32mI (435) main_task: Started on CPU0[0m
[0;32mI (445) main_task: Calling app_main()[0m
[0;32mI (465) pp: pp rom version: e7ae62f[0m
[0;32mI (475) net80211: net80211 rom version: e7ae62f[0m
I (485) wifi:wifi driver task: 3fcadc30, prio:23, stack:6656, core=0
I (495) wifi:wifi firmware version: a9f5b59
I (495) wifi:wifi certification version: v7.0
I (495) wifi:config NVS flash: enabled
I (495) wifi:config nano formating: disabled
I (495) wifi:Init data frame dynamic rx buffer num: 32
I (505) wifi:Init static rx mgmt buffer num: 5
I (505) wifi:Init management short buffer num: 32
I (515) wifi:Init dynamic tx buffer num: 32
I (515) wifi:Init static tx FG buffer num: 2
I (525) wifi:Init static rx buffer size: 1600
I (525) wifi:Init static rx buffer num: 10
I (525) wifi:Init dynamic rx buffer num: 32
[0;32mI (535) wifi_init: rx ba win: 6[0m
[0;32mI (535) wifi_init: tcpip mbox: 32[0m
[0;32mI (545) wifi_init: udp mbox: 6[0m
[0;32mI (545) wifi_init: tcp mbox: 6[0m
[0;32mI (545) wifi_init: tcp tx win: 5760[0m
[0;32mI (555) wifi_init: tcp rx win: 5760[0m
[0;32mI (555) wifi_init: tcp mss: 1440[0m
[0;32mI (555) wifi_init: WiFi IRAM OP enabled[0m
[0;32mI (565) wifi_init: WiFi RX IRAM OP enabled[0m
[0;32mI (575) phy_init: phy_version 640,cd64a1a,Jan 24 2024,17:28:12[0m
I (615) wifi:mode : sta (48:27:e2:e1:d7:ac)
I (615) wifi:enable tsf
[0;32mI (615) Aux: wifi_init_sta finished.[0m
[0;32mI (615) Aux: connect to ap SSID:TIM-42988688 password:ycrcxyEEyktfnsYaTntpayKr[0m
[0;32mI (615) gpio: GPIO[20]| InputEn: 0| OutputEn: 0| OpenDrain: 0| Pullup: 1| Pulldown: 0| Intr:0 [0m
I (625) wifi:new:<1,0>, old:<1,0>, ap:<255,255>, sta:<1,0>, prof:1
I (635) wifi:state: init -> auth (b0)
[0;32mI (635) gpio: GPIO[21]| InputEn: 0| OutputEn: 0| OpenDrain: 0| Pullup: 1| Pulldown: 0| Intr:0 [0m
I (645) wifi:state: auth -> assoc (0)
[0;32mI (655) gpio: GPIO[26]| InputEn: 0| OutputEn: 0| OpenDrain: 0| Pullup: 1| Pulldown: 0| Intr:0 [0m
LED GREEN ON
Other event id:7
[0;31mE (665) esp-tls: couldn't get hostname for :mqtt.eclipseprojects.io: getaddrinfo() returns 202, addrinfo=0x0[0m
[0;31mE (675) transport_base: Failed to open a new connection: 32769[0m
I (675) wifi:[0;31mE (685) mqtt_client: Error transport connect[0m
state: assoc -> run (10)
MQTT_EVENT_ERROR
MQTT_EVENT_DISCONNECTED
I (695) wifi:<ba-add>idx:0 (ifx:0, d6:92:5e:7b:b6:90), tid:0, ssn:0, winSize:64
Starting calibration ...
I (745) wifi:connected with TIM-42988688, aid = 10, channel 1, BW20, bssid = d6:92:5e:7b:b6:90
I (745) wifi:security: WPA2-PSK, phy: bgn, rssi: -81
I (755) wifi:pm start, type: 1

I (755) wifi:dp: 1, bi: 102400, li: 3, scale listen interval from 307200 us to 307200 us
I (755) wifi:set rx beacon pti, rx_bcn_pti: 0, bcn_timeout: 25000, mt_pti: 0, mt_time: 10000
I (775) wifi:<ba-add>idx:1 (ifx:0, d6:92:5e:7b:b6:90), tid:6, ssn:0, winSize:64
I (825) wifi:AP's beacon interval = 102400 us, DTIM period = 1
[0;32mI (1765) esp_netif_handlers: sta ip: 192.168.1.41, mask: 255.255.255.0, gw: 192.168.1.1[0m
[0;32mI (1765) Aux: Got IP: 192.168.1.41[0m
[0;32mI (1765) Aux: Connected to AP BSSID: d6:92:5e:7b:b6:90[0m
Other event id:7
MQTT_EVENT_CONNECTED
Sensor calibrated r0: 2.053561
[0;32mI (30705) RA01S: CONFIG_MISO_GPIO=11[0m
[0;32mI (30705) RA01S: CONFIG_MOSI_GPIO=10[0m
[0;32mI (30705) RA01S: CONFIG_SCLK_GPIO=9[0m
[0;32mI (30705) RA01S: CONFIG_NSS_GPIO=8[0m
[0;32mI (30705) RA01S: CONFIG_RST_GPIO=12[0m
[0;32mI (30715) RA01S: CONFIG_BUSY_GPIO=13[0m
[0;32mI (30715) RA01S: CONFIG_TXEN_GPIO=-1[0m
[0;32mI (30725) RA01S: CONFIG_RXEN_GPIO=-1[0m
[0;32mI (30725) gpio: GPIO[8]| InputEn: 0| OutputEn: 0| OpenDrain: 0| Pullup: 1| Pulldown: 0| Intr:0 [0m
[0;32mI (30735) gpio: GPIO[12]| InputEn: 0| OutputEn: 0| OpenDrain: 0| Pullup: 1| Pulldown: 0| Intr:0 [0m
[0;32mI (30745) gpio: GPIO[13]| InputEn: 0| OutputEn: 0| OpenDrain: 0| Pullup: 1| Pulldown: 0| Intr:0 [0m
[0;32mI (30755) RA01S: spi_bus_initialize=0[0m
[0;32mI (30755) RA01S: spi_bus_add_device=0[0m
[0;32mI (30805) RA01S: Reset[0m
[0;32mI (30805) RA01S: syncWord=0x1424[0m
[0;32mI (30805) RA01S: SX126x installed[0m
[0;33mW (30805) RA01S: WriteCommand2 status=0a retry=1[0m
[0;32mI (30805) RA01S: tcxoVoltage=3.300000[0m
[0;32mI (30825) RA01S: useRegulatorLDO=1[0m
[0;32mI (30835) RA01S: SetStopRxTimerOnPreambleDetect enable=0[0m
[0;32mI (30835) LISTENING: Start listening[0m
ADC Raw: 765	Voltage: 633mV
PPM calculated : 0
LED OFF
Buzzer OFF
Below threshold. LED and Buzzer off
ADC Raw: 779	Voltage: 644mV
PPM calculated : 0
LED OFF
Buzzer OFF
Below threshold. LED and Buzzer off
ADC Raw: 767	Voltage: 635mV
PPM calculated : 0
LED OFF
Buzzer OFF
Below threshold. LED and Buzzer off
ADC Raw: 772	Voltage: 639mV
PPM calculated : 0
LED OFF
Buzzer OFF
Below threshold. LED and Buzzer off
ADC Raw: 765	Voltage: 633mV
PPM calculated : 0
LED OFF
Buzzer OFF
Below threshold. LED and Buzzer off
ADC Raw: 763	Voltage: 631mV
PPM calculated : 0
LED OFF
Buzzer OFF
Below threshold. LED and Buzzer off
ADC Raw: 775	Voltage: 642mV
PPM calculated : 0
LED OFF
Buzzer OFF
Below threshold. LED and Buzzer off
ADC Raw: 1595	Voltage: 1292mV
PPM calculated : 1
LED OFF
Buzzer OFF
Below threshold. LED and Buzzer off
ADC Raw: 1956	Voltage: 1580mV
PPM calculated : 6
LED OFF
Buzzer OFF
Below threshold. LED and Buzzer off
ADC Raw: 4095	Voltage: 3078mV
PPM calculated : 2147483647
LED ON
ADC Raw: 4095	Voltage: 3078mV
PPM calculated : 2147483647
LED ON
ADC Raw: 4095	Voltage: 3078mV
PPM calculated : 2147483647
LED ON
ADC Raw: 4095	Voltage: 3078mV
PPM calculated : 2147483647
LED ON
ADC Raw: 4095	Voltage: 3078mV
PPM calculated : 2147483647
LED ON
ADC Raw: 4095	Voltage: 3078mV
PPM calculated : 2147483647
LED ON
ADC Raw: 4095	Voltage: 3078mV
PPM calculated : 2147483647
LED ON
ADC Raw: 4095	Voltage: 3078mV
PPM calculated : 2147483647
LED ON
ADC Raw: 4095	Voltage: 3078mV
PPM calculated : 2147483647
LED ON
ADC Raw: 4095	Voltage: 3078mV
PPM calculated : 2147483647
LED ON
Buzzer ON
Threshold exceeded for 10 seconds! LED and Buzzer on
[0;32mI (48885) WiFi_MQTT: Alert sent trough LoRa[0m
ADC Raw: 4095	Voltage: 3078mV
PPM calculated : 2147483647
LED ON
Buzzer ON
Threshold exceeded for 10 seconds! LED and Buzzer on
ADC Raw: 4095	Voltage: 3078mV
PPM calculated : 2147483647
LED ON
Buzzer ON
Threshold exceeded for 10 seconds! LED and Buzzer on
ADC Raw: 4095	Voltage: 3078mV
PPM calculated : 2147483647
LED ON
Buzzer ON
Threshold exceeded for 10 seconds! LED and Buzzer on
ADC Raw: 4095	Voltage: 3078mV
PPM calculated : 2147483647
LED ON
Buzzer ON
Threshold exceeded for 10 seconds! LED and Buzzer on
ADC Raw: 4095	Voltage: 3078mV
PPM calculated : 2147483647
LED ON
Buzzer ON
Threshold exceeded for 10 seconds! LED and Buzzer on
ADC Raw: 3341	Voltage: 2645mV
PPM calculated : 14204
LED ON
Buzzer ON
Threshold exceeded for 10 seconds! LED and Buzzer on
ADC Raw: 2939	Voltage: 2354mV
PPM calculated : 934
[0;32mI (55925) WiFi_MQTT: STOPALERT sent trough LoRa[0m
MQTT message sent: {
   'device_id': '48:27:e2:e1:d7:ac',
    'gas_level_agg': '934',
    'alarm_time' : '16',
    'bssid': '00:00:00:00:00:00'
}
LED OFF
Buzzer OFF
Below threshold. LED and Buzzer off
MQTT_EVENT_PUBLISHED, msg_id=10759
ADC Raw: 2253	Voltage: 1818mV
PPM calculated : 25
LED OFF
Buzzer OFF
Below threshold. LED and Buzzer off
ADC Raw: 1821	Voltage: 1472mV
PPM calculated : 3
LED OFF
Buzzer OFF
Below threshold. LED and Buzzer off
