j5
[0;32mI (30) booï¿½ESP-ROM:esp32s3-20210327
Build:Mar 27 2021
rst:0x1 (POWERON),boot:0x8 (SPI_FAST_FLASH_BOOT)
SPIWP:0xee
mode:DIO, clock div:1
load:0x3fce3810,len:0x178c
load:0x403c9700,len:0x4
load:0x403c9704,len:0xcbc
load:0x403cc700,len:0x2da0
entry 0x403c9914
[0;32mI (27) boot: ESP-IDF v5.2.1 2nd stage bootloader[0m
[0;32mI (27) boot: compile time Jun 24 2024 18:40:57[0m
[0;32mI (27) boot: Multicore bootloader[0m
[0;32mI (30) boot: chip revision: v0.2[0m
[0;32mI (34) boot.esp32s3: Boot SPI Speed : 80MHz[0m
[0;32mI (38) boot.esp32s3: SPI Mode       : DIO[0m
[0;32mI (43) boot.esp32s3: SPI Flash Size : 2MB[0m
[0;32mI (48) boot: Enabling RNG early entropy source...[0m
[0;32mI (53) boot: Partition Table:[0m
[0;32mI (57) boot: ## Label            Usage          Type ST Offset   Length[0m
[0;32mI (64) boot:  0 nvs              WiFi data        01 02 00009000 00006000[0m
[0;32mI (72) boot:  1 phy_init         RF data          01 01 0000f000 00001000[0m
[0;32mI (79) boot:  2 factory          factory app      00 00 00010000 00100000[0m
[0;32mI (87) boot: End of partition table[0m
[0;32mI (91) esp_image: segment 0: paddr=00010020 vaddr=3c0a0020 size=29a60h (170592) map[0m
[0;32mI (130) esp_image: segment 1: paddr=00039a88 vaddr=3fc98600 size=04778h ( 18296) load[0m
[0;32mI (134) esp_image: segment 2: paddr=0003e208 vaddr=40374000 size=01e10h (  7696) load[0m
[0;32mI (137) esp_image: segment 3: paddr=00040020 vaddr=42000020 size=9f6c8h (653000) map[0m
[0;32mI (261) esp_image: segment 4: paddr=000df6f0 vaddr=40375e10 size=127b0h ( 75696) load[0m
[0;32mI (286) boot: Loaded app from partition at offset 0x10000[0m
[0;32mI (287) boot: Disabling RNG early entropy source...[0m
[0;32mI (298) cpu_start: Multicore app[0m
[0;32mI (308) cpu_start: Pro cpu start user code[0m
[0;32mI (308) cpu_start: cpu freq: 160000000 Hz[0m
[0;32mI (308) cpu_start: Application information:[0m
[0;32mI (311) cpu_start: Project name:     gasSentinel[0m
[0;32mI (316) cpu_start: App version:      a257f46-dirty[0m
[0;32mI (322) cpu_start: Compile time:     Jun 25 2024 18:23:17[0m
[0;32mI (328) cpu_start: ELF file SHA256:  b3cd96291...[0m
[0;32mI (333) cpu_start: ESP-IDF:          v5.2.1[0m
[0;32mI (338) cpu_start: Min chip rev:     v0.0[0m
[0;32mI (343) cpu_start: Max chip rev:     v0.99 [0m
[0;32mI (348) cpu_start: Chip rev:         v0.2[0m
[0;32mI (352) heap_init: Initializing. RAM available for dynamic allocation:[0m
[0;32mI (360) heap_init: At 3FCA0FC0 len 00048750 (289 KiB): RAM[0m
[0;32mI (366) heap_init: At 3FCE9710 len 00005724 (21 KiB): RAM[0m
[0;32mI (372) heap_init: At 3FCF0000 len 00008000 (32 KiB): DRAM[0m
[0;32mI (378) heap_init: At 600FE010 len 00001FD8 (7 KiB): RTCRAM[0m
[0;32mI (385) spi_flash: detected chip: gd[0m
[0;32mI (388) spi_flash: flash io: dio[0m
[0;33mW (392) spi_flash: Detected size(8192k) larger than the size in the binary image header(2048k). Using the size in the binary image header.[0m
[0;33mW (406) ADC: legacy driver is deprecated, please migrate to `esp_adc/adc_oneshot.h`[0m
[0;32mI (414) sleep: Configure to isolate all GPIO pins in sleep state[0m
[0;32mI (421) sleep: Enable automatic switching of GPIO sleep configuration[0m
[0;32mI (428) main_task: Started on CPU0[0m
[0;32mI (438) main_task: Calling app_main()[0m
[0;32mI (468) pp: pp rom version: e7ae62f[0m
[0;32mI (468) net80211: net80211 rom version: e7ae62f[0m
I (478) wifi:wifi driver task: 3fcabbc4, prio:23, stack:6656, core=0
I (488) wifi:wifi firmware version: a9f5b59
I (488) wifi:wifi certification version: v7.0
I (488) wifi:config NVS flash: enabled
I (488) wifi:config nano formating: disabled
I (488) wifi:Init data frame dynamic rx buffer num: 32
I (498) wifi:Init static rx mgmt buffer num: 5
I (498) wifi:Init management short buffer num: 32
I (508) wifi:Init dynamic tx buffer num: 32
I (508) wifi:Init static tx FG buffer num: 2
I (518) wifi:Init static rx buffer size: 1600
I (518) wifi:Init static rx buffer num: 10
I (518) wifi:Init dynamic rx buffer num: 32
[0;32mI (528) wifi_init: rx ba win: 6[0m
[0;32mI (528) wifi_init: tcpip mbox: 32[0m
[0;32mI (528) wifi_init: udp mbox: 6[0m
[0;32mI (538) wifi_init: tcp mbox: 6[0m
[0;32mI (538) wifi_init: tcp tx win: 5760[0m
[0;32mI (548) wifi_init: tcp rx win: 5760[0m
[0;32mI (548) wifi_init: tcp mss: 1440[0m
[0;32mI (548) wifi_init: WiFi IRAM OP enabled[0m
[0;32mI (558) wifi_init: WiFi RX IRAM OP enabled[0m
[0;32mI (568) phy_init: phy_version 640,cd64a1a,Jan 24 2024,17:28:12[0m
I (608) wifi:mode : sta (48:27:e2:e1:d7:ac)
I (608) wifi:enable tsf
[0;32mI (608) WiFi_MQTT: wifi_init_sta finished.[0m
[0;32mI (608) WiFi_MQTT: connect to ap SSID:TIM-42988688 password:ycrcxyEEyktfnsYaTntpayKr[0m
[0;32mI (618) gpio: GPIO[20]| InputEn: 0| OutputEn: 0| OpenDrain: 0| Pullup: 1| Pulldown: 0| Intr:0 [0m
I (618) wifi:new:<11,0>, old:<1,0>, ap:<255,255>, sta:<11,0>, prof:1
I (628) wifi:state: init -> auth (b0)
[0;32mI (628) gpio: GPIO[21]| InputEn: 0| OutputEn: 0| OpenDrain: 0| Pullup: 1| Pulldown: 0| Intr:0 [0m
[0;32mI (638) gpio: GPIO[26]| InputEn: 0| OutputEn: 0| OpenDrain: 0| Pullup: 1| Pulldown: 0| Intr:0 [0m
I (648) wifi:state: auth -> assoc (0)
LED GREEN ON
I (658) ESPNOW: espnow [version: 1.0] init
I (658) wifi:state: assoc -> run (10)
[0;31mE (668) esp-tls: couldn't get hostname for :mqtt.eclipseprojects.io: getaddrinfo() returns 202, addrinfo=0x0[0m
[0;31mE (678) transport_base: Failed to open a new connection: 32769[0m
[0;31mE (678) mqtt_client: Error transport connect[0m
I (678) wifi:<ba-add>idx:0 (ifx:0, d6:92:5e:7b:b6:90), tid:0, ssn:0, winSize:64
ADC Raw: 775	Voltage: 642mV
LED OFF
Buzzer OFF
Below threshold. LED and Buzzer off
I (708) wifi:connected with TIM-42988688, aid = 12, channel 11, BW20, bssid = d6:92:5e:7b:b6:90
I (708) wifi:security: WPA2-PSK, phy: bgn, rssi: -78
I (718) wifi:pm start, type: 1

I (718) wifi:dp: 1, bi: 102400, li: 3, scale listen interval from 307200 us to 307200 us
I (728) wifi:set rx beacon pti, rx_bcn_pti: 0, bcn_timeout: 25000, mt_pti: 0, mt_time: 10000
I (738) wifi:<ba-add>idx:1 (ifx:0, d6:92:5e:7b:b6:90), tid:6, ssn:0, winSize:64
I (778) wifi:AP's beacon interval = 102400 us, DTIM period = 1
ADC Raw: 821	Voltage: 678mV
LED OFF
Buzzer OFF
Below threshold. LED and Buzzer off
[0;32mI (1728) esp_netif_handlers: sta ip: 192.168.1.41, mask: 255.255.255.0, gw: 192.168.1.1[0m
[0;32mI (1728) WiFi_MQTT: Got IP: 192.168.1.41[0m
ADC Raw: 4095	Voltage: 3078mV
LED ON
ADC Raw: 4095	Voltage: 3078mV
LED ON
ADC Raw: 4095	Voltage: 3078mV
LED ON
ADC Raw: 4095	Voltage: 3078mV
LED ON
ADC Raw: 4095	Voltage: 3078mV
LED ON
ADC Raw: 4095	Voltage: 3078mV
LED ON
ADC Raw: 4095	Voltage: 3078mV
LED ON
ADC Raw: 4095	Voltage: 3078mV
LED ON
ADC Raw: 4095	Voltage: 3078mV
LED ON
ADC Raw: 4095	Voltage: 3078mV
LED ON
Buzzer ON
Threshold exceeded for 10 seconds! LED and Buzzer on
ESP-NOW broadcast message sent: Threshold exceeded
MQTT message sent: 
ADC Raw: 4095	Voltage: 3078mV
LED ON
Buzzer ON
Threshold exceeded for 10 seconds! LED and Buzzer on
ESP-NOW broadcast message sent: Threshold exceeded
MQTT message sent: 
ADC Raw: 4095	Voltage: 3078mV
LED ON
Buzzer ON
Threshold exceeded for 10 seconds! LED and Buzzer on
ESP-NOW broadcast message sent: Threshold exceeded
MQTT message sent: 
ADC Raw: 4095	Voltage: 3078mV
LED ON
Buzzer ON
Threshold exceeded for 10 seconds! LED and Buzzer on
ESP-NOW broadcast message sent: Threshold exceeded
MQTT message sent: 
ADC Raw: 4095	Voltage: 3078mV
LED ON
Buzzer ON
Threshold exceeded for 10 seconds! LED and Buzzer on
ESP-NOW broadcast message sent: Threshold exceeded
MQTT message sent: 
ADC Raw: 4095	Voltage: 3078mV
LED ON
Buzzer ON
Threshold exceeded for 10 seconds! LED and Buzzer on
ESP-NOW broadcast message sent: Threshold exceeded
MQTT message sent: 
ADC Raw: 3348	Voltage: 2648mV
LED ON
Buzzer ON
Threshold exceeded for 10 seconds! LED and Buzzer on
ESP-NOW broadcast message sent: Threshold exceeded
MQTT message sent: 
ADC Raw: 2891	Voltage: 2317mV
LED ON
Buzzer ON
Threshold exceeded for 10 seconds! LED and Buzzer on
ESP-NOW broadcast message sent: Threshold exceeded
MQTT message sent: 
ADC Raw: 2157	Voltage: 1742mV
LED OFF
Buzzer OFF
Below threshold. LED and Buzzer off
ADC Raw: 1871	Voltage: 1513mV
LED OFF
Buzzer OFF
Below threshold. LED and Buzzer off
ADC Raw: 1685	Voltage: 1365mV
LED OFF
Buzzer OFF
Below threshold. LED and Buzzer off
ADC Raw: 1578	Voltage: 1279mV
LED OFF
Buzzer OFF
Below threshold. LED and Buzzer off
ADC Raw: 1520	Voltage: 1234mV
LED OFF
Buzzer OFF
Below threshold. LED and Buzzer off
ADC Raw: 1491	Voltage: 1209mV
LED OFF
Buzzer OFF
Below threshold. LED and Buzzer off
ADC Raw: 1419	Voltage: 1153mV
LED OFF
Buzzer OFF
Below threshold. LED and Buzzer off
ADC Raw: 1407	Voltage: 1143mV
LED OFF
Buzzer OFF
Below threshold. LED and Buzzer off
ADC Raw: 1404	Voltage: 1141mV
LED OFF
Buzzer OFF
Below threshold. LED and Buzzer off
ADC Raw: 1417	Voltage: 1151mV
LED OFF
Buzzer OFF
Below threshold. LED and Buzzer off
ADC Raw: 1438	Voltage: 1169mV
LED OFF
Buzzer OFF
Below threshold. LED and Buzzer off
ADC Raw: 1479	Voltage: 1201mV
LED OFF
Buzzer OFF
Below threshold. LED and Buzzer off
ADC Raw: 1472	Voltage: 1195mV
LED OFF
Buzzer OFF
Below threshold. LED and Buzzer off
ADC Raw: 1416	Voltage: 1151mV
LED OFF
Buzzer OFF
Below threshold. LED and Buzzer off
ADC Raw: 1397	Voltage: 1136mV
LED OFF
Buzzer OFF
Below threshold. LED and Buzzer off
ADC Raw: 1431	Voltage: 1163mV
LED OFF
Buzzer OFF
Below threshold. LED and Buzzer off
